src/__tests__/components/DrawHistoryRow.test.tsx(18,9): error TS2322: Type '{ drawTime: string; drawDate: string; digits6: string; digits3First: string; digits3Last: string; digits2Last: string; labels: { digits6: string; digits3First: string; digits3Last: string; digits2Last: string; }; }' is not assignable to type 'IntrinsicAttributes & DrawHistoryRowProps'.
  Property 'digits6' does not exist on type 'IntrinsicAttributes & DrawHistoryRowProps'.
src/__tests__/components/DrawHistoryRow.test.tsx(37,9): error TS2322: Type '{ drawTime: string; drawDate: string; digits6: string; digits3First: string; digits3Last: string; digits2Last: string; labels: { digits6: string; digits3First: string; digits3Last: string; digits2Last: string; }; }' is not assignable to type 'IntrinsicAttributes & DrawHistoryRowProps'.
  Property 'digits6' does not exist on type 'IntrinsicAttributes & DrawHistoryRowProps'.
src/__tests__/components/DrawHistoryRow.test.tsx(53,9): error TS2322: Type '{ drawTime: string; drawDate: string; digits6: string; digits3First: string; digits3Last: string; digits2Last: string; labels: { digits6: string; digits3First: string; digits3Last: string; digits2Last: string; }; }' is not assignable to type 'IntrinsicAttributes & DrawHistoryRowProps'.
  Property 'digits6' does not exist on type 'IntrinsicAttributes & DrawHistoryRowProps'.
src/__tests__/components/DrawHistoryRow.test.tsx(69,9): error TS2322: Type '{ drawTime: string; drawDate: string; digits6: string; digits3First: string; digits3Last: string; digits2Last: string; labels: { digits6: string; digits3First: string; digits3Last: string; digits2Last: string; }; }' is not assignable to type 'IntrinsicAttributes & DrawHistoryRowProps'.
  Property 'digits6' does not exist on type 'IntrinsicAttributes & DrawHistoryRowProps'.
src/__tests__/helpers/fixtures.ts(3,82): error TS2322: Type '{ created_at: Date | null; name: string; id: number; is_active: boolean | null; code: string; region?: string | null | undefined; flag: string | null; draw_schedule: string | null; odds: string | null; bg_image: string | null; }' is not assignable to type '{ created_at: Date | null; name: string; id: number; is_active: boolean | null; code: string; region: string | null; flag: string | null; draw_schedule: string | null; odds: string | null; bg_image: string | null; }'.
  Types of property 'region' are incompatible.
    Type 'string | null | undefined' is not assignable to type 'string | null'.
      Type 'undefined' is not assignable to type 'string | null'.
src/components/country/RecentDrawsTable.tsx(31,14): error TS2339: Property 'drawDetail' does not exist on type '{ header: { home: string; results: string; news: string; verified: string; }; hero: { title: string; subtitle: string; viewDetails: string; estimatedJackpot: string; titleHighlight: string; titleSuffix: string; exploreGlobalResults: string; }; ... 13 more ...; staticParams: { ...; }; }'.
src/components/country/RecentDrawsTable.tsx(38,16): error TS2339: Property 'drawDetail' does not exist on type '{ header: { home: string; results: string; news: string; verified: string; }; hero: { title: string; subtitle: string; viewDetails: string; estimatedJackpot: string; titleHighlight: string; titleSuffix: string; exploreGlobalResults: string; }; ... 13 more ...; staticParams: { ...; }; }'.
src/components/country/RecentDrawsTable.tsx(42,16): error TS2339: Property 'drawDetail' does not exist on type '{ header: { home: string; results: string; news: string; verified: string; }; hero: { title: string; subtitle: string; viewDetails: string; estimatedJackpot: string; titleHighlight: string; titleSuffix: string; exploreGlobalResults: string; }; ... 13 more ...; staticParams: { ...; }; }'.
src/components/global-results/LatestDrawCard.tsx(179,14): error TS7053: Element implicitly has an 'any' type because expression of type 'string' can't be used to index type '{ usa: string; uk: string; la: string; vn: string; th: string; it: string; fr: string; jp: string; au: string; br: string; }'.
  No index signature with a parameter of type 'string' was found on type '{ usa: string; uk: string; la: string; vn: string; th: string; it: string; fr: string; jp: string; au: string; br: string; }'.
src/components/home/LatestUpdate/LatestUpdateCard.tsx(24,3): error TS2339: Property 'name' does not exist on type 'LatestUpdateCardProps'.
src/components/home/LatestUpdate/LatestUpdateGrid.tsx(79,11): error TS2322: Type '{ key: string; id: string; name: string; country: string; flag: string; logo: string | null | undefined; date: string; time: string; href: string; numbers: PrizeItem[]; }' is not assignable to type 'IntrinsicAttributes & LatestUpdateCardProps'.
  Property 'name' does not exist on type 'IntrinsicAttributes & LatestUpdateCardProps'.
src/lib/services/lotteryResultService.ts(67,33): error TS2339: Property 'how_to_play_text' does not exist on type '{ name: string; showing_prizes?: string[] | undefined; how_to_play_image?: string | null | undefined; logo?: string | null | undefined; countries: { code: string; } | null; }'.
src/lib/services/lotteryResultService.ts(140,61): error TS2345: Argument of type 'string | string[] | undefined' is not assignable to parameter of type 'string | undefined'.
  Type 'string[]' is not assignable to type 'string'.
